// Jest Snapshot v1, https://goo.gl/fbAQLP

exports[`<Posts /> should match snapshot 1`] = `
<input
  class="text-input"
  placeholder="Buscar"
  type="search"
  value="o valor"
/>
`;
